// Jest Snapshot v1, https://goo.gl/fbAQLP

exports[`CircularLoader Snapshot Test CircularLoader 1`] = `
<div
  class="MuiBox-root css-95pr9o"
>
  <span
    class="MuiCircularProgress-root MuiCircularProgress-indeterminate MuiCircularProgress-colorPrimary css-ttjza1-MuiCircularProgress-root"
    role="progressbar"
    style="width: 60px; height: 60px;"
  >
    <svg
      class="MuiCircularProgress-svg css-1idz92c-MuiCircularProgress-svg"
      viewBox="22 22 44 44"
    >
      <circle
        class="MuiCircularProgress-circle MuiCircularProgress-circleIndeterminate css-176wh8e-MuiCircularProgress-circle"
        cx="44"
        cy="44"
        fill="none"
        r="21"
        stroke-width="2"
      />
    </svg>
  </span>
</div>
`;
